// Jest Snapshot v1, https://goo.gl/fbAQLP

exports[`transactions reducer TRANSACTION.ADD action 1`] = `
Object {
  "error": null,
  "isLoading": false,
  "transactions": Object {
    "0xFA01a39f8Abaeb660c3137f14A310d0b414b2A15-eth-7dcccffe70d8bb8bb28a2185daac8e05639490eee913b326097ae1d73abc8b4f": Array [
      Object {
        "amount": "0.00001",
        "blockHash": "00000000000000000017277948d61a631dae6cce1d7fb501301b825599189f51",
        "blockHeight": 590093,
        "blockTime": 1565797979,
        "descriptor": "zpub6rszzdAK6RuafeRwyN8z1cgWcXCuKbLmjjfnrW4fWKtcoXQ8787214pNJjnBG5UATyghuNzjn6Lfp5k5xymrLFJnCy46bMYJPyZsbpFGagT",
        "details": Object {
          "size": 225,
          "totalInput": "0.80720012",
          "totalOutput": "0.80719868",
          "vin": Array [
            Object {
              "addresses": Array [
                "tb1q4nytpy37cuz8yndtfqpau4nzsva0jh787ny3yg",
              ],
              "isAddress": true,
              "n": 0,
              "sequence": 4294967294,
              "txid": "c894b064beb2f9be4b0d64cffcd89da2e8dc6decac399f5617323a303e07e4e1",
              "value": "0.80720012",
            },
          ],
          "vout": Array [
            Object {
              "addresses": Array [
                "tb1q4s560ew83wcd6lcjg7uku9qlx4p6gwh74q4jap",
              ],
              "hex": "0014ac29a7e5c78bb0dd7f1247b96e141f3543a43afe",
              "isAddress": true,
              "n": 0,
              "value": "0.80718868",
            },
            Object {
              "addresses": Array [
                "mvbu1Gdy8SUjTenqerxUaZyYjmveZvt33q",
              ],
              "hex": "76a914a579388225827d9f2fe9014add644487808c695d88ac",
              "isAddress": true,
              "n": 1,
              "value": "0.00001",
            },
          ],
        },
        "deviceState": "7dcccffe70d8bb8bb28a2185daac8e05639490eee913b326097ae1d73abc8b4f",
        "fee": "0.00000144",
        "symbol": "btc",
        "targets": Array [
          Object {
            "addresses": Array [
              "mvbu1Gdy8SUjTenqerxUaZyYjmveZvt33q",
            ],
            "amount": "0.00001",
            "isAccountTarget": true,
            "isAddress": true,
            "n": 1,
          },
        ],
        "tokens": Array [],
        "totalSpent": "0.00001144",
        "txid": "7e58757f43015242c0efa29447bea4583336f2358fdff587b52bbe040ad8982a",
        "type": "sent",
      },
    ],
  },
}
`;
